
> frontend@0.1.0 test
> react-scripts test --watchAll=false

node.exe : FAIL 
src/App.test.js
At line:1 char:1
+ & "C:\Program Files
\nodejs/node.exe" 
"C:\Program 
Files\nodejs/node_mo 
...
+ ~~~~~~~~~~~~~~~~~~~
~~~~~~~~~~~~~~~~~~~~~
~~~~~~~~~~~~~~~~~~~~~
~~~~~~~~
    + CategoryInfo   
           : NotSpe  
  cified: (FAIL sr   
 c/App.test.js:St    
ring) [], Remote    
Exception
    + FullyQualified 
   ErrorId : Native  
  CommandError
 
  ├ù renders 
projects header (65 
ms)

  ΓùÅ renders 
projects header

    TestingLibraryEle
mentError: Found 
multiple elements 
with the text: 
/Projects/i

    Here are the 
matching elements:

    Ignored nodes: 
comments, script, 
style
    [36m<div[39m
      [33mclass[39m
=[32m"nav-item 
active"[39m
    [36m>[39m
      [36m<span[39m
        [33mclass[3
9m=[32m"nav-icon"[3
9m
      [36m>[39m
        
[36m<svg[39m
          [33mfill[
39m=[32m"none"[39m
          [33mheight
[39m=[32m"20"[39m
          [33mstroke
[39m=[32m"currentCo
lor"[39m
          [33mstroke
-width[39m=[32m"2"
[39m
          [33mviewBo
x[39m=[32m"0 0 24 
24"[39m
          [33mwidth
[39m=[32m"20"[39m
        [36m>[39m
          
[36m<path[39m
            
[33md[39m=[32m"M3 
9l9-7 9 7v11a2 2 0 0 
1-2 2H5a2 2 0 0 
1-2-2z"[39m
          
[36m/>[39m
          
[36m<polyline[39m
            [33mpoin
ts[39m=[32m"9 22 9 
12 15 12 15 22"[39m
          
[36m/>[39m
        
[36m</svg>[39m
      
[36m</span>[39m
      [0mAll 
projects[0m
    [36m</div>[39m

    Ignored nodes: 
comments, script, 
style
    [36m<h1[39m
      [33mclass[39m
=[32m"page-title"[3
9m
    [36m>[39m
      
[0mProjects[0m
    [36m</h1>[39m

    Ignored nodes: 
comments, script, 
style
    [36m<h2[39m
      [33mclass[39m
=[32m"empty-state-ti
tle"[39m
    [36m>[39m
      [0mNo 
projects yet[0m
    [36m</h2>[39m

    (If this is 
intentional, then 
use the `*AllBy*` 
variant of the query 
(like 
`queryAllByText`, 
`getAllByText`, or 
`findAllByText`)).

    Ignored nodes: 
comments, script, 
style
    [36m<body>[39m
      [36m<div>[39m
        
[36m<div[39m
          [33mclass
[39m=[32m"dashboard-
layout"[39m
        [36m>[39m
          
[36m<aside[39m
            [33mclas
s[39m=[32m"sidebar"
[39m
          [36m>[39m
            
[36m<div[39m
              [33mcl
ass[39m=[32m"sideba
r-header"[39m
            
[36m>[39m
              
[36m<svg[39m
                [33m
fill[39m=[32m"none"
[39m
                [33m
height[39m=[32m"24"
[39m
                [33m
viewBox[39m=[32m"0 
0 24 24"[39m
                [33m
width[39m=[32m"24"
[39m
                [33m
xmlns[39m=[32m"http
://www.w3.org/2000/sv
g"[39m
              
[36m>[39m
                
[36m<path[39m
                  [3
3md[39m=[32m"M12 
2L2 7L12 12L22 7L12 
2Z"[39m
                  [3
3mstroke[39m=[32m"#
4285F4"[39m
                  [3
3mstroke-linecap[39m
=[32m"round"[39m
                  [3
3mstroke-linejoin[39
m=[32m"round"[39m
                  [3
3mstroke-width[39m=
[32m"2"[39m
                
[36m/>[39m
                
[36m<path[39m
                  
[33md[39m=[32m"M2 
17L12 22L22 17"[39m
                  [3
3mstroke[39m=[32m"#
4285F4"[39m
                  [3
3mstroke-linecap[39m
=[32m"round"[39m
                  [3
3mstroke-linejoin[39
m=[32m"round"[39m
                  [3
3mstroke-width[39m=
[32m"2"[39m
                
[36m/>[39m
                
[36m<path[39m
                  
[33md[39m=[32m"M2 
12L12 17L22 12"[39m
                  [3
3mstroke[39m=[32m"#
4285F4"[39m
                  [3
3mstroke-linecap[39m
=[32m"round"[39m
                  [3
3mstroke-linejoin[39
m=[32m"round"[39m
                  [3
3mstroke-width[39m=
[32m"2"[39m
                
[36m/>[39m
              
[36m</svg>[39m
              
[36m<span[39m
                [33m
class[39m=[32m"logo
-text"[39m
              
[36m>[39m
                
[0mGoogle Earth[0m
              
[36m</span>[39m
            
[36m</div>[39m
            
[36m<button[39m
              [33mcl
ass[39m=[32m"new-pr
oject-btn"[39m
            
[36m>[39m
              
[36m<span[39m
                [33m
class[39m=[32m"new-
project-icon"[39m
              
[36m>[39m
                
[0m+[0m
              
[36m</span>[39m
              
[0mNew[0m
            
[36m</button>[39m
            
[36m<nav[39m
              [33mcl
ass[39m=[32m"sideba
r-nav"[39m
            
[36m>[39m
              
[36m<div[39m
                [33m
class[39m=[32m"nav-
item active"[39m
              
[36m>[39m
                
[36m<span[39m
                  [3
3mclass[39m=[32m"na
v-icon"[39m
                
[36m>[39m
                  
[36m<svg[39m
                    
[33mfill[39m=[32m"n
one"[39m
                    
[33mheight[39m=[32m
"20"[39m
                    
[33mstroke[39m=[32m
"currentColor"[39m
                    
[33mstroke-width[39m
=[32m"2"[39m
                    
[33mviewBox[39m=[32
m"0 0 24 24"[39m
                    
[33mwidth[39m=[32m"
20"[39m
                  
[36m>[39m
                    
[36m<path[39m
                     
 
[33md[39m=[32m"M3 
9l9-7 9 7v11a2 2 0 0 
1-2 2H5a2 2 0 0 
1-2-2z"[39m
                    
[36m/>[39m
                    
[36m<polyline[39m
                     
 [33mpoints[39m=[3
2m"9 22 9 12 15 12 
15 22"[39m
                    
[36m/>[39m
                  
[36m</svg>[39m
                
[36m</span>[39m
                
[0mAll projects[0m
              
[36m</div>[39m
            
[36m</nav>[39m
          
[36m</aside>[39m
          
[36m<div[39m
            [33mclas
s[39m=[32m"dashboar
d-main"[39m
          [36m>[39m
            
[36m<header[39m
              [33mcl
ass[39m=[32m"header
"[39m
            
[36m>[39m
              
[36m<div[39m
                [33m
class[39m=[32m"head
er-search"[39m
              
[36m>[39m
                
[36m<span[39m
                  [3
3mclass[39m=[32m"se
arch-icon"[39m
                
[36m>[39m
                  
[36m<svg[39m
                    
[33mfill[39m=[32m"n
one"[39m
                    
[33mheight[39m=[32m
"20"[39m
                    
[33mstroke[39m=[32m
"currentColor"[39m
                    
[33mstroke-width[39m
=[32m"2"[39m
                    
[33mviewBox[39m=[32
m"0 0 24 24"[39m
                    
[33mwidth[39m=[32m"
20"[39m
                  
[36m>[39m
                    
[36m<circle[39m
                     
 [33mcx[39m=[32m"1
1"[39m
                     
 [33mcy[39m=[32m"1
1"[39m
                     
 [33mr[39m=[32m"8"
[39m
                    
[36m/>[39m
                    
[36m<line[39m
                     
 [33mx1[39m=[32m"2
1"[39m
                     
 [33mx2[39m=[32m"1
6.65"[39m
                     
 [33my1[39m=[32m"2
1"[39m
                     
 [33my2[39m=[32m"1
6.65"[39m
                    
[36m/>[39m
                  
[36m</svg>[39m
                
[36m</span>[39m
                
[36m<input[39m
                  [3
3mclass[39m=[32m"se
arch-input"[39m
                  [3
3mplaceholder[39m=[
32m"Search 
projects"[39m
                  [3
3mtype[39m=[32m"tex
t"[39m
                
[36m/>[39m
              
[36m</div>[39m
              
[36m<div[39m
                [33m
class[39m=[32m"head
er-actions"[39m
              
[36m>[39m
                
[36m<button[39m
                  [3
3mclass[39m=[32m"ac
tion-btn"[39m
                
[36m>[39m
                  
[36m<span>[39m
                    
[0mLocal device[0m
                  
[36m</span>[39m
                
[36m</button>[39m
                
[36m<button[39m
                  [3
3mclass[39m=[32m"ac
tion-btn 
primary"[39m
                
[36m>[39m
                  
[36m<span>[39m
                    
[0mExplore Earth[0m
                  
[36m</span>[39m
                
[36m</button>[39m
                
[36m<div[39m
                  [3
3mclass[39m=[32m"pr
ofile-avatar"[39m
                
[36m>[39m
                  
[0mS[0m
                
[36m</div>[39m
              
[36m</div>[39m
            
[36m</header>[39m
            
[36m<main[39m
              [33mcl
ass[39m=[32m"dashbo
ard-content"[39m
            
[36m>[39m
              
[36m<div[39m
                [33m
class[39m=[32m"app-
content-header"[39m
              
[36m>[39m
                
[36m<h1[39m
                  [3
3mclass[39m=[32m"pa
ge-title"[39m
                
[36m>[39m
                  
[0mProjects[0m
                
[36m</h1>[39m
              
[36m</div>[39m
              
[36m<div[39m
                [33m
class[39m=[32m"proj
ect-list-container"[
39m
              
[36m>[39m
                
[36m<div[39m
                  [3
3mclass[39m=[32m"pr
oject-filters"[39m
                
[36m>[39m
                  
[36m<button[39m
                    
[33mclass[39m=[32m"
filter-btn"[39m
                  
[36m>[39m
                    
[0mPeople[0m
                  
[36m</button>[39m
                  
[36m<button[39m
                    
[33mclass[39m=[32m"
filter-btn 
active"[39m
                  
[36m>[39m
                    
[0mModified[0m
                  
[36m</button>[39m
                
[36m</div>[39m
                
[36m<div[39m
                  [3
3mclass[39m=[32m"em
pty-state"[39m
                
[36m>[39m
                  
[36m<div[39m
                    
[33mclass[39m=[32m"
empty-state-icon"[39
m
                  
[36m>[39m
                    
[36m<svg[39m
                     
 [33mfill[39m=[32m
"none"[39m
                     
 [33mheight[39m=[3
2m"100%"[39m
                     
 [33mviewBox[39m=[
32m"0 0 24 24"[39m
                     
 [33mwidth[39m=[32
m"100%"[39m
                     
 [33mxmlns[39m=[32
m"http://www.w3.org/2
000/svg"[39m
                    
[36m>[39m
                     
 [36m<path[39m
                     
   [33md[39m=[32m"
M21 16V8a2 2 0 0 
0-1-1.73l-7-4a2 2 0 
0 0-2 0l-7 4A2 2 0 0 
0 3 8v8a2 2 0 0 0 1 
1.73l7 4a2 2 0 0 0 2 
0l7-4A2 2 0 0 0 21 
16z"[39m
                     
   [33mstroke[39m=
[32m"#dadce0"[39m
                     
   [33mstroke-lineca
p[39m=[32m"round"[
39m
                     
   [33mstroke-linejo
in[39m=[32m"round"
[39m
                     
   [33mstroke-width
[39m=[32m"1"[39m
                     
 [36m/>[39m
                     
 [36m<path[39m
                     
   [33md[39m=[32m"
M3.27 6.96L12 
12.01l8.73-5.05"[39m
                     
   [33mstroke[39m=
[32m"#dadce0"[39m
                     
   [33mstroke-lineca
p[39m=[32m"round"[
39m
                     
   [33mstroke-linejo
in[39m=[32m"round"
[39m
                     
   [33mstroke-width
[39m=[32m"1"[39m
                     
 [36m/>[39m
                     
 [36m<path[39m
                     
   [33md[39m=[32m"
M12 22.08V12"[39m
                     
   [33mstroke[39m=
[32m"#dadce0"[39m
                     
   [33mstroke-lineca
p[39m=[32m"round"[
39m
                     
   [33mstroke-linejo
in[39m=[32m"round"
[39m
                     
   [33mstroke-width
[39m=[32m"1"[39m
                     
 [36m/>[39m
                    
[36m</svg>[39m
                  
[36m</div>[39m
                  
[36m<h2[39m
                    
[33mclass[39m=[32m"
empty-state-title"[3
9m
                  
[36m>[39m
                    
[0mNo projects 
yet[0m
                  
[36m</h2>[39m
                  
[36m<p[39m
                    
[33mclass[39m=[32m"
empty-state-subtitle"
[39m
                  
[36m>[39m
                    
[0mCreate a new 
project to start 
mapping trails with 
SkyWeave.[0m
                  
[36m</p>[39m
                
[36m</div>[39m
              
[36m</div>[39m
            
[36m</main>[39m
          
[36m</div>[39m
        
[36m</div>[39m
      
[36m</div>[39m
    [36m</body>[39m

    [0m [90m 4 
|[39m 
test([32m'renders 
projects header'[39m
[33m,[39m () 
[33m=>[39m {
     [90m 5 |[39m  
 render([33m<[39m[
33mApp[39m [33m/[3
9m[33m>[39m)[33m;
[39m
    [31m[1m>[22m[
39m[90m 6 |[39m   
[36mconst[39m 
headerElement 
[33m=[39m screen[3
3m.[39mgetByText([3
5m/Projects/i[39m)[
33m;[39m
     [90m   |[39m  
                     
         
[31m[1m^[22m[39m
     [90m 7 |[39m  
 expect(headerElement
)[33m.[39mtoBeInThe
Document()[33m;[39m
     [90m 8 |[39m 
})[33m;[39m
     [90m 9 
|[39m[0m

      at Object.getEl
ementError (node_modu
les/@testing-library/
dom/dist/config.js:37
:19)
      at 
getElementError (node
_modules/@testing-lib
rary/dom/dist/query-h
elpers.js:20:35)
      at getMultipleE
lementsFoundError (no
de_modules/@testing-l
ibrary/dom/dist/query
-helpers.js:23:10)
      at node_modules
/@testing-library/dom
/dist/query-helpers.j
s:55:13
      at getByText (n
ode_modules/@testing-
library/dom/dist/quer
y-helpers.js:95:19)
      at 
Object.<anonymous> (s
rc/App.test.js:6:32)
      at TestSchedule
r.scheduleTests (node
_modules/@jest/core/b
uild/TestScheduler.js
:333:13)
      at runJest (nod
e_modules/@jest/core/
build/runJest.js:404:
19)
      at _run10000 (n
ode_modules/@jest/cor
e/build/cli/index.js:
320:7)
      at runCLI (node
_modules/@jest/core/b
uild/cli/index.js:173
:3)

Test Suites: 1 
failed, 1 total
Tests:       1 
failed, 1 total
Snapshots:   0 total
Time:        2.624 
s, estimated 3 s
Ran all test suites.
